#-----------------------------------------------------------
# Vivado v2023.1 (64-bit)
# SW Build 3865809 on Sun May  7 15:04:56 MDT 2023
# IP Build 3864474 on Sun May  7 20:36:21 MDT 2023
# SharedData Build 3865790 on Sun May 07 13:33:03 MDT 2023
# Start of session at: Thu Jan  4 21:37:36 2024
# Process ID: 2180624
# Current directory: /root/xuguo/xilinx_pro/vpk120/versal_pcie_cpm5_exerciser/versal_pcie_cpm5_exerciser.runs/synth_1
# Command line: vivado -log cpm_pcie_exerciser_wrapper.vds -product Vivado -mode batch -messageDb vivado.pb -notrace -source cpm_pcie_exerciser_wrapper.tcl
# Log file: /root/xuguo/xilinx_pro/vpk120/versal_pcie_cpm5_exerciser/versal_pcie_cpm5_exerciser.runs/synth_1/cpm_pcie_exerciser_wrapper.vds
# Journal file: /root/xuguo/xilinx_pro/vpk120/versal_pcie_cpm5_exerciser/versal_pcie_cpm5_exerciser.runs/synth_1/vivado.jou
# Running On: matthew-xilinx, OS: Linux, CPU Frequency: 400.000 MHz, CPU Physical cores: 32, Host memory: 269937 MB
#-----------------------------------------------------------
source cpm_pcie_exerciser_wrapper.tcl -notrace
